// Jest Snapshot v1, https://goo.gl/fbAQLP

exports[`tests header render  component 1`] = `
<Connect(Header)>
  <Header
    dispatch={[Function]}
    filmsLength={1}
  >
    <div
      className="header"
    >
      <div
        className="header__wrapper"
      >
        <Logo>
          <span
            className="logo"
          >
            netflixroulette
          </span>
        </Logo>
        <Connect(FilterContainer)>
          <FilterContainer
            setSearchByGenre={[Function]}
            setSearchByTitle={[Function]}
            setSearchText={[Function]}
            setSortByRating={[Function]}
            setSortByRelease={[Function]}
          >
            <FilterComponent
              getInputRef={[Function]}
              onButtonClick={[Function]}
              onButtonClickGenre={[Function]}
              onButtonClickRating={[Function]}
              onButtonClickRelease={[Function]}
              onButtonClickTitle={[Function]}
            >
              <div
                className="filter"
              >
                <div
                  className="filter__top"
                >
                  <span
                    className="filter__label"
                  >
                    Find your movie
                  </span>
                  <input
                    className="filter__input"
                    placeholder="Type your value"
                    type="text"
                  />
                  <div
                    className="filter__buttons"
                  >
                    <span
                      className="filter__buttonsLabel"
                    >
                      search by
                    </span>
                    <label
                      htmlFor="btnTitle"
                    >
                      <input
                        id="btnTitle"
                        name="search"
                        onClick={[Function]}
                        type="radio"
                      />
                      <span
                        className="filter__btn"
                      >
                        title
                      </span>
                    </label>
                    <label
                      htmlFor="btnGenre"
                    >
                      <input
                        id="btnGenre"
                        name="search"
                        onClick={[Function]}
                        type="radio"
                      />
                      <span
                        className="filter__btn"
                      >
                        genre
                      </span>
                    </label>
                  </div>
                  <Button
                    modifier="pink"
                    onButtonClick={[Function]}
                    selector="btnSearch"
                    size="big"
                    text="search"
                  >
                    <input
                      className="btn btn_pink btn_big"
                      id="btnSearch"
                      onClick={[Function]}
                      type="button"
                      value="search"
                    />
                  </Button>
                </div>
                <div
                  className="filter__btns"
                >
                  <span
                    className="filter__value"
                    id="btnSortBy"
                  >
                    Sort by
                  </span>
                  <label
                    htmlFor="btnRelease"
                  >
                    <input
                      id="btnRelease"
                      name="sort"
                      onClick={[Function]}
                      type="radio"
                    />
                    <span
                      className="filter__value"
                    >
                      release date
                    </span>
                  </label>
                  <label
                    htmlFor="btnRating"
                  >
                    <input
                      id="btnRating"
                      name="sort"
                      onClick={[Function]}
                      type="radio"
                    />
                    <span
                      className="filter__value"
                    >
                      rating
                    </span>
                  </label>
                </div>
              </div>
            </FilterComponent>
          </FilterContainer>
        </Connect(FilterContainer)>
      </div>
      <div
        className="header__info"
      >
        <div>
          <span
            className="header__value"
            id="movieValue"
          >
            1
             
            movies found
          </span>
        </div>
      </div>
    </div>
  </Header>
</Connect(Header)>
`;
